[
  {
    "jsonrpc": "2.0",
    "id": 0,
    "result": true
  },
  {
    "jsonrpc": "2.0",
    "id": 0,
    "result": true
  },
  {
    "jsonrpc": "2.0",
    "id": 0,
    "result": true
  },
  {
    "jsonrpc": "2.0",
    "id": 0,
    "result": true
  },
  {
    "jsonrpc": "2.0",
    "id": 0,
    "result": true
  },
  {
    "jsonrpc": "2.0",
    "id": 0,
    "result": true
  },
  {
    "jsonrpc": "2.0",
    "id": 0,
    "result": true
  },
  {
    "jsonrpc": "2.0",
    "id": 0,
    "result": true
  },
  {
    "jsonrpc": "2.0",
    "id": 0,
    "result": true
  },
  {
    "jsonrpc": "2.0",
    "id": 0,
    "result": true
  },
  {
    "jsonrpc": "2.0",
    "id": 0,
    "result": true
  },
  {
    "jsonrpc": "2.0",
    "id": 0,
    "result": true
  },
  {
    "jsonrpc": "2.0",
    "id": 0,
    "result": true
  },
  {
    "jsonrpc": "2.0",
    "id": 0,
    "result": true
  },
  {
    "jsonrpc": "2.0",
    "id": 1,
    "result": "Firefly RPC/v0.0.1/kevm"
  },
  {
    "jsonrpc": "2.0",
    "id": 5,
    "result": "0xc81a9"
  },
  {
    "jsonrpc": "2.0",
    "id": 7,
    "result": "0x4a817c800"
  },
  {
    "jsonrpc": "2.0",
    "id": 8,
    "result": "0x7d13a5f86c7f9f334c8de64fd31be78e0e9a8ca3601cefcb82b74e9f689968d5"
  },
  {
    "jsonrpc": "2.0",
    "id": 13,
    "result": "0xbbb15a910602001b60cc7fc7755b0e7d6fbffd7ba29f5caad0759a5ec0a6dee9"
  },
  {
    "jsonrpc": "2.0",
    "id": 19,
    "result": "0x2327c"
  },
  {
    "jsonrpc": "2.0",
    "id": 20,
    "result": "0x4a817c800"
  },
  {
    "jsonrpc": "2.0",
    "id": 21,
    "result": "0x799f0ce8736a4efc52eae51fee54487cd12c6f83c90708c17e81174ca0b95640"
  },
  {
    "jsonrpc": "2.0",
    "id": 25,
    "result": "0x32cef85beb215fb75f1f32d1cf331ad4b65b24d64f442132571fe1a5cd4113d7"
  },
  {
    "jsonrpc": "2.0",
    "id": 30,
    "result": "0x2327c"
  },
  {
    "jsonrpc": "2.0",
    "id": 31,
    "result": "0x4a817c800"
  },
  {
    "jsonrpc": "2.0",
    "id": 32,
    "result": "0xa416253741103c7a865cf3286f5158a076b95ec922b6fbfae29c23192e5eb8b1"
  },
  {
    "jsonrpc": "2.0",
    "id": 36,
    "result": "0xf53ca94331f04fd5805d9ffa1815b5e37b0c739c25c2bfc075f8a75c12784daf"
  },
  {
    "jsonrpc": "2.0",
    "id": 41,
    "result": "0xa2657f7bccb7d26867e2752f9a8a68ca7cb944540d5104c051a350fec0acc1b3"
  },
  {
    "jsonrpc": "2.0",
    "id": 46,
    "result": "0x6e139f092fb9991634b072e357a8b863dd333bf7d5a0a88889c024add09a5aca"
  },
  {
    "jsonrpc": "2.0",
    "id": 51,
    "result": "0xfd931b256ea589cbd42700dd99616dae48b7af7a5877334fb5a7895d45124dd9"
  },
  {
    "jsonrpc": "2.0",
    "id": 70,
    "result": "0xc9278fa599300af80b8d1569fac6cce38a6dcd44f705fbc2f0797973397008b1"
  },
  {
    "jsonrpc": "2.0",
    "id": 71,
    "result": "0x616e547581c9653b215411dd0e2e8172546ef104908de11ab028e8a6153f487d"
  },
  {
    "jsonrpc": "2.0",
    "id": 72,
    "result": "0x6e13a241de6cf4effe15fa413d03cb1cd93a6ba73f9aaebae0d7176d5504cd8d"
  },
  {
    "jsonrpc": "2.0",
    "id": 73,
    "result": "0xc44234cc56902ee9d9803b5ec1f25cdd3a5314fb61729ef29fca973a26474a95"
  },
  {
    "jsonrpc": "2.0",
    "id": 74,
    "result": "0x0bed0b53d3c1f4e7f833218803c4e5790c3eaeb3f0247dd23b8946e9e5e0d7ac"
  },
  {
    "jsonrpc": "2.0",
    "id": 75,
    "result": "0x86c9242dd16c2b0b2204da1e21026f553cb36f025a1aa738502ff12cd7e8a6ce"
  },
  {
    "jsonrpc": "2.0",
    "id": 76,
    "result": "0x20125ebff4a15fa170f740b75e7a11f230772c2f0959c7141627fef170dcdd80"
  },
  {
    "jsonrpc": "2.0",
    "id": 77,
    "result": "0x83bbf2df8133700964f5641fb84f2a2aaaa9a712f9f41fa5487eb70cb323f3a6"
  },
  {
    "jsonrpc": "2.0",
    "id": 100,
    "result": "0xb1cc"
  },
  {
    "jsonrpc": "2.0",
    "id": 101,
    "result": "0xb1cc"
  },
  {
    "jsonrpc": "2.0",
    "id": 102,
    "result": "0xb1cc"
  }
]
