[
  {
    "jsonrpc": "2.0",
    "id": 1,
    "result": true
  },
  {
    "jsonrpc": "2.0",
    "id": 2,
    "result": true
  },
  {
    "jsonrpc": "2.0",
    "id": 3,
    "result": "0x0000000000000000000000000000000000000000000000000000000000ffffff"
  },
  {
    "jsonrpc": "2.0",
    "id": 3,
    "result": [
      {
        "hash": "93758614234106549757282766802448384239213770766359592192750614820519184033004",
        "programName": "RUNTIME",
        "coverage": 100,
        "program": [
          {
            "programCounter": 0,
            "hitCount": 1,
            "opcode": "PUSH(3)",
            "argument": "0xffffff"
          },
          {
            "programCounter": 4,
            "hitCount": 1,
            "opcode": "PUSH(1)",
            "argument": "0x00"
          },
          {
            "programCounter": 6,
            "hitCount": 1,
            "opcode": "MSTORE",
            "argument": null
          },
          {
            "programCounter": 7,
            "hitCount": 1,
            "opcode": "PUSH(1)",
            "argument": "0x20"
          },
          {
            "programCounter": 9,
            "hitCount": 1,
            "opcode": "PUSH(1)",
            "argument": "0x00"
          },
          {
            "programCounter": 11,
            "hitCount": 1,
            "opcode": "RETURN",
            "argument": null
          }
        ],
        "coveredOpCodes": [
          0,
          4,
          6,
          7,
          9,
          11
        ]
      }
    ]
  }
]